// Jest Snapshot v1, https://goo.gl/fbAQLP

exports[`bind binds an external 1`] = `
"#version 450
#define TEST true

    vec4 _01_getColor() { return vec4(1.0, 0.0, 1.0, 1.0); }
    

    vec4 _01_getColor();
    
    vec4 colorUsed() { return vec4(0.0, 0.1, 0.2, 0.0); }
    vec4 getColor() {
      return _01_getColor() + colorUsed();
    }
    "
`;

exports[`bind binds an external 2`] = `
"#version 450
#define TEST true

    vec4 _01_getColor() { return vec4(1.0, 0.0, 1.0, 1.0); }
    

    vec4 _01_getColor();
    
    vec4 colorUsed() { return vec4(0.0, 0.1, 0.2, 0.0); }
    vec4 getColor() {
      return _01_getColor() + colorUsed();
    }
    "
`;

exports[`bind binds an external 3`] = `
"#version 450
#define TEST true

    vec4 _01_getColor() { return vec4(1.0, 0.0, 1.0, 1.0); }
    

    vec4 _01_getColor();
    
    vec4 _02_colorUsed() { return vec4(0.0, 0.1, 0.2, 0.0); }
    vec4 _02_getColor() {
      return _01_getColor() + _02_colorUsed();
    }
    

    vec4 _02_getColor();
    void main() {
      vec4 v;
      v.xyz = vec3(1.0, 0.0, 0.0);
      gl_FragColor = _02_getColor();
    }
    "
`;

exports[`bind links data bindings 1`] = `
"#version 450

layout (set = VIRTUAL_BINDGROUP, binding = 1) uniform _VT_Type {
  vec4 _VT_1_getColor;
} _VT_Uniform;


vec4 _VT_1_getColor(int) {
  return _VT_Uniform._VT_1_getColor;
}


layout (std430, set = VIRTUAL_BINDGROUP, binding = 0) readonly buffer _VT_1_getSizeType {
  vec2 data[];
} _VT_1_getSizeStorage;

vec2 _VT_1_getSize(int index) {
  return _VT_1_getSizeStorage.data[index];
}


    vec4 _VT_1_getColor(int);
    vec2 _VT_1_getSize(int);
    
    void main() {
      _VT_1_getColor(0);
      _VT_1_getSize(0);
    }
    "
`;

exports[`bind makes deterministic links for data bindings 1`] = `
Object {
  "base": undefined,
  "code": "@access [getColor getSize] [m2t4yiqqhw]",
  "name": "_VT_n4rw9c",
  "storages": Array [
    Object {
      "storage": Object {
        "buffer": Object {},
        "format": "vec2",
        "length": 10,
        "size": Array [
          10,
        ],
        "version": 1,
      },
      "uniform": Object {
        "args": Array [
          "int",
        ],
        "format": "vec2",
        "name": "getSize",
        "value": Array [
          1,
          1,
        ],
      },
    },
  ],
  "table": Object {
    "declarations": Array [
      Object {
        "at": 0,
        "flags": 0,
        "func": Object {
          "name": "getColor",
          "parameters": Array [
            "int",
          ],
          "type": Object {
            "name": "vec4",
          },
        },
        "symbols": Array [],
      },
      Object {
        "at": 0,
        "flags": 0,
        "func": Object {
          "name": "getSize",
          "parameters": Array [
            "int",
          ],
          "type": Object {
            "name": "vec2",
          },
        },
        "symbols": Array [],
      },
    ],
    "symbols": Array [
      "getColor",
      "getSize",
    ],
    "visibles": Array [
      "getColor",
      "getSize",
    ],
  },
  "textures": Array [],
  "uniforms": Array [
    Object {
      "constant": Array [
        1,
        0.5,
        1,
        1,
      ],
      "uniform": Object {
        "args": Array [
          "int",
        ],
        "format": "vec4",
        "name": "getColor",
        "value": Array [
          0,
          0.5,
          1,
          1,
        ],
      },
    },
  ],
}
`;
