// Jest Snapshot v1, https://goo.gl/fbAQLP

exports[`hash hashes values 1`] = `
Array [
  "1l2jf6l28r",
  "8vthalggis",
  "uottwj0y3r",
  "3807eq7w5v",
  "cbnaeh3g55",
  "n09fwdb0u5",
  "5yz451x4f5",
  "a1mdu4pl9r",
  "pcbrt4hb9e",
  "6couupxn1k",
  "olq5wiy04o",
  "oa26q9aowj",
  "eikp8yldgd",
  "br94b82qgs",
  "ncsym7f7sa",
  "9q11fly507",
  "dpeqc1pdst",
  "bbkhj0cpxb",
  "tmmfq8wm90",
  "xavdphcmmm",
]
`;
