// Vitest Snapshot v1, https://vitest.dev/guide/snapshot.html

exports[`S2->Background->WebGL2 > S2_Background_WebGL2 1`] = `"/Users/craigoconnor/Documents/Projects/OpenS2/s2maps-gpu/tests/browsers/__screenshots__/examples.browser.test.ts/S2--Background--WebGL2-1.png"`;

exports[`S2->Fill->WebGL2 > S2_Fill_WebGL2 1`] = `"/Users/craigoconnor/Documents/Projects/OpenS2/s2maps-gpu/tests/browsers/__screenshots__/examples.browser.test.ts/S2--Fill--WebGL2-1.png"`;
